{
  "sha1": "bf07a111773fa4034c2d3e5f583f6be482c870f2",
  "size": 33554432,
  "original_area_differing_bytes": 69509,
  "change_scope": "Constructor bridge, independently rebuilt SYSTEM UI tiles and explicit English credit layouts; C and strings in ROM expansion",
  "english_credit_layout_frames": [
    1700,
    1701,
    1702,
    1703,
    1704,
    1705,
    1706,
    1707,
    1708,
    1709,
    1710,
    1711,
    1712,
    1713,
    1714,
    1715,
    1716,
    1717,
    1718,
    1719,
    1720,
    1721,
    1722,
    1723,
    1724,
    1725,
    1726,
    1727,
    1728,
    1729,
    1730,
    1731,
    1732,
    1733,
    1734,
    1735,
    1736,
    1737,
    1738,
    1739,
    1740,
    1741,
    1742,
    1743,
    1744,
    1745,
    1746,
    1747,
    1748,
    1749,
    1750,
    1751,
    1752,
    1753,
    1754,
    1755,
    1756,
    1757,
    1758,
    1759,
    1760,
    1761,
    1762,
    1763,
    1764,
    1765,
    1766,
    1767,
    1768,
    1769,
    1770,
    1771,
    1772,
    1773,
    1774,
    1775,
    1776,
    1777,
    1778,
    1779,
    1780,
    1781
  ],
  "english_ui_variants": [
    "graphics/ui/cells/T_TTL05/tile_33779_en.png",
    "graphics/ui/cells/T_TTL05/tile_33787_en.png",
    "graphics/ui/cells/T_TTL05/tile_33815_en.png",
    "graphics/ui/cells/T_TTL05/tile_33823_en.png",
    "graphics/ui/cells/T_TTL05/tile_33827_en.png",
    "graphics/ui/cells/T_TTL05/tile_33835_en.png",
    "graphics/ui/cells/T_TTL05/tile_33839_en.png",
    "graphics/ui/cells/T_TTL05/tile_33847_en.png",
    "graphics/ui/cells/T_TTL05/tile_33851_en.png",
    "graphics/ui/cells/T_TTL05/tile_33859_en.png",
    "graphics/ui/cells/T_TTL05/tile_33929_en.png",
    "graphics/ui/cells/T_TTL05/tile_33937_en.png",
    "graphics/ui/cells/T_TTL05/tile_33939_en.png",
    "graphics/ui/cells/T_TTL05/tile_33947_en.png",
    "graphics/ui/cells/T_TTL05/tile_33949_en.png",
    "graphics/ui/cells/T_TTL05/tile_33957_en.png",
    "graphics/ui/frames/0537_en.png",
    "graphics/ui/frames/0538_en.png",
    "graphics/ui/frames/0539_en.png",
    "graphics/ui/frames/0540_en.png",
    "graphics/ui/frames/0541_en.png",
    "graphics/ui/frames/0700_en.png",
    "graphics/ui/frames/0701_en.png",
    "graphics/ui/frames/0702_en.png",
    "graphics/ui/frames/0703_en.png",
    "graphics/ui/frames/0704_en.png",
    "graphics/ui/frames/0705_en.png",
    "graphics/ui/frames/0706_en.png",
    "graphics/ui/frames/0790_en.png",
    "graphics/ui/frames/0791_en.png",
    "graphics/ui/frames/0792_en.png",
    "graphics/ui/frames/0793_en.png",
    "graphics/ui/frames/0794_en.png",
    "graphics/ui/frames/1508_en.png",
    "graphics/ui/frames/1509_en.png",
    "graphics/ui/frames/1510_en.png",
    "graphics/ui/frames/1561_en.png",
    "graphics/ui/frames/1562_en.png",
    "graphics/ui/frames/1563_en.png",
    "graphics/ui/frames/1564_en.png",
    "graphics/ui/frames/1565_en.png",
    "graphics/ui/frames/1566_en.png",
    "graphics/ui/frames/1567_en.png",
    "graphics/ui/frames/1568_en.png",
    "graphics/ui/frames/1569_en.png",
    "graphics/ui/frames/1570_en.png",
    "graphics/ui/frames/1571_en.png",
    "graphics/ui/frames/1572_en.png",
    "graphics/ui/frames/1573_en.png",
    "graphics/ui/frames/1574_en.png",
    "graphics/ui/frames/1575_en.png",
    "graphics/ui/frames/1576_en.png",
    "graphics/ui/frames/1577_en.png",
    "graphics/ui/frames/1578_en.png",
    "graphics/ui/frames/1581_en.png",
    "graphics/ui/frames/1582_en.png",
    "graphics/ui/frames/1583_en.png",
    "graphics/ui/frames/1584_en.png",
    "graphics/ui/frames/1585_en.png",
    "graphics/ui/frames/1586_en.png",
    "graphics/ui/frames/1587_en.png",
    "graphics/ui/frames/1588_en.png",
    "graphics/ui/frames/1589_en.png",
    "graphics/ui/frames/1590_en.png",
    "graphics/ui/frames/1685_en.png",
    "graphics/ui/frames/1686_en.png",
    "graphics/ui/frames/1687_en.png",
    "graphics/ui/frames/1698_en.png",
    "graphics/ui/frames/1700_en.png",
    "graphics/ui/frames/1701_en.png",
    "graphics/ui/frames/1702_en.png",
    "graphics/ui/frames/1703_en.png",
    "graphics/ui/frames/1704_en.png",
    "graphics/ui/frames/1705_en.png",
    "graphics/ui/frames/1706_en.png",
    "graphics/ui/frames/1707_en.png",
    "graphics/ui/frames/1708_en.png",
    "graphics/ui/frames/1709_en.png",
    "graphics/ui/frames/1710_en.png",
    "graphics/ui/frames/1711_en.png",
    "graphics/ui/frames/1712_en.png",
    "graphics/ui/frames/1713_en.png",
    "graphics/ui/frames/1714_en.png",
    "graphics/ui/frames/1715_en.png",
    "graphics/ui/frames/1716_en.png",
    "graphics/ui/frames/1717_en.png",
    "graphics/ui/frames/1718_en.png",
    "graphics/ui/frames/1719_en.png",
    "graphics/ui/frames/1720_en.png",
    "graphics/ui/frames/1721_en.png",
    "graphics/ui/frames/1722_en.png",
    "graphics/ui/frames/1723_en.png",
    "graphics/ui/frames/1724_en.png",
    "graphics/ui/frames/1725_en.png",
    "graphics/ui/frames/1726_en.png",
    "graphics/ui/frames/1727_en.png",
    "graphics/ui/frames/1728_en.png",
    "graphics/ui/frames/1729_en.png",
    "graphics/ui/frames/1730_en.png",
    "graphics/ui/frames/1731_en.png",
    "graphics/ui/frames/1732_en.png",
    "graphics/ui/frames/1733_en.png",
    "graphics/ui/frames/1734_en.png",
    "graphics/ui/frames/1735_en.png",
    "graphics/ui/frames/1736_en.png",
    "graphics/ui/frames/1737_en.png",
    "graphics/ui/frames/1738_en.png",
    "graphics/ui/frames/1739_en.png",
    "graphics/ui/frames/1740_en.png",
    "graphics/ui/frames/1741_en.png",
    "graphics/ui/frames/1742_en.png",
    "graphics/ui/frames/1743_en.png",
    "graphics/ui/frames/1744_en.png",
    "graphics/ui/frames/1745_en.png",
    "graphics/ui/frames/1746_en.png",
    "graphics/ui/frames/1747_en.png",
    "graphics/ui/frames/1748_en.png",
    "graphics/ui/frames/1749_en.png",
    "graphics/ui/frames/1750_en.png",
    "graphics/ui/frames/1751_en.png",
    "graphics/ui/frames/1752_en.png",
    "graphics/ui/frames/1753_en.png",
    "graphics/ui/frames/1754_en.png",
    "graphics/ui/frames/1755_en.png",
    "graphics/ui/frames/1756_en.png",
    "graphics/ui/frames/1757_en.png",
    "graphics/ui/frames/1758_en.png",
    "graphics/ui/frames/1759_en.png",
    "graphics/ui/frames/1760_en.png",
    "graphics/ui/frames/1761_en.png",
    "graphics/ui/frames/1762_en.png",
    "graphics/ui/frames/1763_en.png",
    "graphics/ui/frames/1764_en.png",
    "graphics/ui/frames/1765_en.png",
    "graphics/ui/frames/1766_en.png",
    "graphics/ui/frames/1767_en.png",
    "graphics/ui/frames/1768_en.png",
    "graphics/ui/frames/1769_en.png",
    "graphics/ui/frames/1770_en.png",
    "graphics/ui/frames/1771_en.png",
    "graphics/ui/frames/1772_en.png",
    "graphics/ui/frames/1773_en.png",
    "graphics/ui/frames/1774_en.png",
    "graphics/ui/frames/1775_en.png",
    "graphics/ui/frames/1776_en.png",
    "graphics/ui/frames/1777_en.png",
    "graphics/ui/frames/1778_en.png",
    "graphics/ui/frames/1779_en.png",
    "graphics/ui/frames/1780_en.png",
    "graphics/ui/frames/1781_en.png",
    "graphics/ui/frames/1782_en.png",
    "graphics/ui/frames/1783_en.png",
    "graphics/ui/frames/1801_en.png",
    "graphics/ui/frames/1802_en.png",
    "graphics/ui/frames/1803_en.png",
    "graphics/ui/frames/1804_en.png",
    "graphics/ui/frames/1805_en.png",
    "graphics/ui/frames/1806_en.png",
    "graphics/ui/frames/1807_en.png",
    "graphics/ui/frames/1808_en.png",
    "graphics/ui/frames/1809_en.png",
    "graphics/ui/frames/1810_en.png",
    "graphics/ui/frames/1811_en.png",
    "graphics/ui/frames/1812_en.png",
    "graphics/ui/frames/1813_en.png",
    "graphics/ui/frames/1814_en.png",
    "graphics/ui/frames/1815_en.png",
    "graphics/ui/frames/1816_en.png",
    "graphics/ui/frames/1817_en.png",
    "graphics/ui/frames/1818_en.png",
    "graphics/ui/frames/1819_en.png",
    "graphics/ui/frames/1820_en.png",
    "graphics/ui/frames/1821_en.png",
    "graphics/ui/frames/1822_en.png",
    "graphics/ui/frames/1823_en.png",
    "graphics/ui/frames/1824_en.png",
    "graphics/ui/frames/1825_en.png",
    "graphics/ui/frames/1826_en.png",
    "graphics/ui/frames/1827_en.png",
    "graphics/ui/frames/1830_en.png",
    "graphics/ui/frames/1831_en.png",
    "graphics/ui/frames/1832_en.png",
    "graphics/ui/frames/1833_en.png",
    "graphics/ui/frames/1834_en.png",
    "graphics/ui/frames/1835_en.png",
    "graphics/ui/frames/1836_en.png",
    "graphics/ui/frames/1837_en.png",
    "graphics/ui/frames/1838_en.png",
    "graphics/ui/frames/1839_en.png",
    "graphics/ui/frames/1840_en.png",
    "graphics/ui/frames/1841_en.png",
    "graphics/ui/frames/1878_en.png",
    "graphics/ui/frames/1879_en.png",
    "graphics/ui/frames/1880_en.png",
    "graphics/ui/frames/1881_en.png",
    "graphics/ui/frames/1882_en.png",
    "graphics/ui/frames/1883_en.png",
    "graphics/ui/frames/1884_en.png",
    "graphics/ui/frames/1885_en.png",
    "graphics/ui/frames/1886_en.png",
    "graphics/ui/frames/1887_en.png",
    "graphics/ui/frames/1888_en.png",
    "graphics/ui/frames/1889_en.png",
    "graphics/ui/frames/1890_en.png",
    "graphics/ui/frames/1891_en.png",
    "graphics/ui/frames/1892_en.png",
    "graphics/ui/frames/1893_en.png",
    "graphics/ui/frames/1894_en.png",
    "graphics/ui/frames/1895_en.png",
    "graphics/ui/frames/1896_en.png",
    "graphics/ui/frames/1897_en.png",
    "graphics/ui/frames/1898_en.png",
    "graphics/ui/frames/1899_en.png",
    "graphics/ui/frames/1900_en.png",
    "graphics/ui/frames/1901_en.png",
    "graphics/ui/frames/1902_en.png",
    "graphics/ui/frames/1903_en.png",
    "graphics/ui/frames/1904_en.png",
    "graphics/ui/frames/1905_en.png",
    "graphics/ui/frames/1906_en.png"
  ],
  "english_ui_differing_bytes": 69307,
  "english_ui_changed_frames": [
    537,
    538,
    539,
    540,
    541,
    700,
    701,
    702,
    703,
    704,
    705,
    706,
    790,
    791,
    792,
    793,
    794,
    1508,
    1509,
    1510,
    1561,
    1562,
    1563,
    1564,
    1565,
    1566,
    1567,
    1568,
    1569,
    1570,
    1571,
    1572,
    1573,
    1574,
    1575,
    1576,
    1577,
    1578,
    1581,
    1582,
    1583,
    1584,
    1585,
    1586,
    1587,
    1588,
    1589,
    1590,
    1685,
    1686,
    1687,
    1698,
    1700,
    1701,
    1702,
    1703,
    1704,
    1705,
    1706,
    1707,
    1708,
    1709,
    1710,
    1711,
    1712,
    1713,
    1714,
    1715,
    1716,
    1717,
    1718,
    1719,
    1720,
    1721,
    1722,
    1723,
    1724,
    1725,
    1726,
    1727,
    1728,
    1729,
    1730,
    1731,
    1732,
    1733,
    1734,
    1735,
    1736,
    1737,
    1738,
    1739,
    1740,
    1741,
    1742,
    1743,
    1744,
    1745,
    1746,
    1747,
    1748,
    1749,
    1750,
    1751,
    1752,
    1753,
    1754,
    1755,
    1756,
    1757,
    1758,
    1759,
    1760,
    1761,
    1762,
    1763,
    1764,
    1765,
    1766,
    1767,
    1768,
    1769,
    1770,
    1771,
    1772,
    1773,
    1774,
    1775,
    1776,
    1777,
    1778,
    1779,
    1780,
    1781,
    1782,
    1783,
    1801,
    1802,
    1803,
    1804,
    1805,
    1806,
    1807,
    1808,
    1809,
    1810,
    1811,
    1812,
    1813,
    1814,
    1815,
    1816,
    1817,
    1818,
    1819,
    1820,
    1821,
    1822,
    1823,
    1824,
    1825,
    1826,
    1827,
    1828,
    1829,
    1830,
    1831,
    1832,
    1833,
    1834,
    1835,
    1836,
    1837,
    1838,
    1839,
    1840,
    1841,
    1878,
    1879,
    1880,
    1881,
    1882,
    1883,
    1884,
    1885,
    1886,
    1887,
    1888,
    1889,
    1890,
    1891,
    1892,
    1893,
    1894,
    1895,
    1896,
    1897,
    1898,
    1899,
    1900,
    1901,
    1902,
    1903,
    1904,
    1905,
    1906
  ],
  "entry_points": {
    "EnglishDialogueStart": "09000000",
    "DialogueStartOriginal": "09000110",
    "EnglishTranslateRows": "09000628",
    "EnglishPageTask": "090003FC",
    "EnglishClearPage": "09000250",
    "gEnglishRows": "09029888",
    "gEnglishRowCount": "090469C4"
  },
  "exact_row_mappings": 3112,
  "unallocated_mutable_sections": [],
  "emulator_playthrough_verified": false,
  "limitation": "Static link validation plus separate host C tests; does not establish complete scene or printer coverage."
}
