python3 tools/build_assets.py
python3 tools/named_maps.py build
assets: 104 images compiled and compressed from editable sources; no original LZ input
AS      asm/data/data_1B0000.s
AS      asm/data/data_1B0720.s
AS      asm/data/data_1B2BB6.s
AS      asm/data/data_1C3D40.s
AS      asm/data/data_1C9E00.s
AS      asm/data/data_1CF7A1.s
AS      asm/data/data_1CF7B0.s
AS      asm/data/data_1CF8F0.s
AS      asm/data/data_1D17B0.s
AS      asm/data/data_1D3670.s
AS      asm/data/data_1D73F0.s
AS      asm/data/data_1D5530.s
AS      asm/data/data_1DA1B0.s
AS      asm/data/data_1DCF70.s
AS      asm/data/data_1DFD30.s
AS      asm/data/data_1E2AF0.s
AS      asm/data/data_1E8BB0.s
AS      asm/data/data_1EEC70.s
AS      asm/data/data_1F4D30.s
AS      asm/data/data_1FADF0.s
AS      asm/data/data_200EB0.s
AS      asm/data/data_206F70.s
AS      asm/data/data_20D030.s
AS      asm/data/data_2130F0.s
AS      asm/data/data_2191B0.s
AS      asm/data/data_225330.s
AS      asm/data/data_21F270.s
AS      asm/data/data_22B3F0.s
AS      asm/data/data_2314B0.s
AS      asm/data/data_237570.s
AS      asm/data/data_23BF12.s
AS      asm/data/data_23BF20.s
AS      asm/data/data_23C000.s
AS      asm/data/data_23DEC0.s
AS      asm/data/data_23FD80.s
AS      asm/data/data_241C40.s
AS      asm/data/data_243B00.s
AS      asm/data/data_2468C0.s
AS      asm/data/data_249680.s
AS      asm/data/data_24C440.s
AS      asm/data/data_24F200.s
AS      asm/data/data_2552C0.s
AS      asm/data/data_25B380.s
AS      asm/data/data_261440.s
AS      asm/data/data_267500.s
AS      asm/data/data_26D5C0.s
AS      asm/data/data_273680.s
AS      asm/data/data_279740.s
AS      asm/data/data_27F800.s
AS      asm/data/data_2858C0.s
AS      asm/data/data_28B980.s
AS      asm/data/data_291A40.s
AS      asm/data/data_297B00.s
AS      asm/data/data_29DBC0.s
AS      asm/data/data_2A3C80.s
AS      asm/data/data_2A8908.s
AS      asm/data/data_2A8910.s
AS      asm/data/data_2A89D0.s
AS      asm/data/data_2AC750.s
AS      asm/data/data_2AA890.s
AS      asm/data/data_2B04D0.s
AS      asm/data/data_2AE610.s
AS      asm/data/data_2B3290.s
AS      asm/data/data_2B6050.s
AS      asm/data/data_2B8E10.s
AS      asm/data/data_2BBBD0.s
AS      asm/data/data_2C1C90.s
AS      asm/data/data_2C7D50.s
AS      asm/data/data_2CDE10.s
AS      asm/data/data_2D3ED0.s
AS      asm/data/data_2D9F90.s
AS      asm/data/data_2E0050.s
AS      asm/data/data_2E6110.s
AS      asm/data/data_2EC1D0.s
AS      asm/data/data_2F2290.s
AS      asm/data/data_2F8350.s
AS      asm/data/data_2FE410.s
AS      asm/data/data_3044D0.s
AS      asm/data/data_30A590.s
AS      asm/data/data_310650.s
AS      asm/data/data_313D8A.s
AS      asm/data/data_313D90.s
AS      asm/data/data_313DF0.s
AS      asm/data/data_315CB0.s
AS      asm/data/data_317B70.s
AS      asm/data/data_319A30.s
AS      asm/data/data_31B8F0.s
AS      asm/data/data_31E6B0.s
AS      asm/data/data_321470.s
AS      asm/data/data_324230.s
AS      asm/data/data_326FF0.s
AS      asm/data/data_32D0B0.s
AS      asm/data/data_333170.s
AS      asm/data/data_339230.s
AS      asm/data/data_33F2F0.s
AS      asm/data/data_3453B0.s
AS      asm/data/data_34B470.s
AS      asm/data/data_351530.s
AS      asm/data/data_3575F0.s
AS      asm/data/data_35D6B0.s
AS      asm/data/data_363770.s
AS      asm/data/data_369830.s
AS      asm/data/data_3759B0.s
AS      asm/data/data_36F8F0.s
AS      asm/data/data_37772F.s
AS      asm/data/data_377730.s
AS      asm/data/data_377750.s
AS      asm/data/data_378010.s
AS      asm/data/data_378951.s
AS      asm/data/data_378960.s
AS      asm/data/data_378980.s
AS      asm/data/data_379240.s
AS      asm/data/data_37B323.s
AS      asm/data/data_37B330.s
AS      asm/data/data_37B350.s
AS      asm/data/data_37BC10.s
AS      asm/data/data_37C692.s
AS      asm/data/data_37C6A0.s
AS      asm/data/data_37C6C0.s
AS      asm/data/data_37CF80.s
AS      asm/data/data_37F2B7.s
AS      asm/data/data_37F2C0.s
AS      asm/data/data_37F2E0.s
AS      asm/data/data_37FBA0.s
AS      asm/data/data_380FB8.s
AS      asm/data/data_380FC0.s
AS      asm/data/data_380FE0.s
AS      asm/data/data_3818A0.s
AS      asm/data/data_3835D0.s
AS      asm/data/data_3835C5.s
AS      asm/data/data_3835F0.s
AS      asm/data/data_383EB0.s
AS      asm/data/data_386CF4.s
AS      asm/data/data_386D00.s
AS      asm/data/data_386D60.s
AS      asm/data/data_387560.s
AS      asm/data/data_387D60.s
AS      asm/data/data_38AC5A.s
AS      asm/data/data_38AC60.s
AS      asm/data/data_38ACC0.s
AS      asm/data/data_38B4C0.s
AS      asm/data/data_38BCC0.s
AS      asm/data/data_38C4C0.s
AS      asm/data/data_38CEF4.s
AS      asm/data/data_38CF00.s
AS      asm/data/data_38CF60.s
AS      asm/data/data_38D760.s
AS      asm/data/data_38E8D0.s
AS      asm/data/data_38ECB0.s
AS      asm/data/data_38F050.s
AS      asm/data/data_38F0E0.s
AS      asm/data/data_38FFA0.s
AS      asm/data/data_390630.s
AS      asm/data/data_390930.s
AS      asm/data/data_391C50.s
AS      asm/data/data_3926A0.s
AS      asm/data/data_392F90.s
AS      asm/data/data_393820.s
AS      asm/data/data_3946F0.s
AS      asm/data/data_395070.s
AS      asm/data/data_396870.s
AS      asm/data/data_3972D0.s
AS      asm/data/data_398110.s
AS      asm/data/data_399F10.s
AS      asm/data/data_39A2F0.s
AS      asm/data/data_39A6B0.s
AS      asm/data/data_39AF50.s
AS      asm/data/data_39B390.s
AS      asm/data/data_39C170.s
AS      asm/data/data_39C7A0.s
AS      asm/data/data_39CD30.s
AS      asm/data/data_39CD90.s
AS      asm/data/data_39CF30.s
AS      asm/data/data_39D060.s
AS      asm/data/data_39D0C0.s
AS      asm/data/data_39D120.s
AS      asm/data/data_39D250.s
AS      asm/data/data_39D420.s
AS      asm/data/data_39D600.s
AS      asm/data/data_39D6A0.s
AS      asm/data/data_39D700.s
AS      asm/data/data_39D760.s
AS      asm/data/data_39D890.s
AS      asm/data/data_39D8F0.s
AS      asm/data/data_39D950.s
AS      asm/data/data_39D9B0.s
AS      asm/data/data_39DA50.s
AS      asm/data/data_39DAB0.s
AS      asm/data/data_39DB50.s
AS      asm/data/data_39DBB0.s
AS      asm/data/data_39DC70.s
AS      asm/data/data_39DC10.s
AS      asm/data/data_39DDD0.s
AS      asm/data/data_39DD70.s
AS      asm/data/data_39DED0.s
AS      asm/data/data_39E690.s
AS      asm/data/data_39EAF0.s
AS      asm/data/data_39F3B0.s
AS      asm/data/data_39FFD0.s
AS      asm/data/data_5683C0.s
AS      asm/data/data_569C00.s
AS      asm/data/data_569F30.s
AS      asm/data/data_56A220.s
AS      asm/data/data_56A280.s
AS      asm/data/data_56A600.s
AS      asm/data/data_56A8B0.s
AS      asm/data/data_56B610.s
AS      asm/data/data_56B6D0.s
AS      asm/data/data_56BED0.s
AS      asm/data/data_56BFA0.s
AS      asm/data/data_56C3F0.s
AS      asm/data/data_56E58E.s
AS      asm/data/data_56DB30.s
AS      asm/data/data_56E590.s
AS      asm/data/data_56E5B0.s
AS      asm/data/data_56EE70.s
AS      asm/data/data_570763.s
AS      asm/data/data_570770.s
AS      asm/data/data_570790.s
AS      asm/data/data_571050.s
AS      asm/data/data_572165.s
AS      asm/data/data_572170.s
AS      asm/data/data_572190.s
AS      asm/data/data_572A50.s
AS      asm/data/data_573300.s
AS      asm/data/data_5744D0.s
AS      asm/data/data_575070.s
AS      asm/data/data_5756C0.s
AS      asm/data/data_575950.s
AS      asm/data/data_5761B0.s
AS      asm/data/data_5783A0.s
AS      asm/data/data_579FF0.s
AS      asm/data/data_57AA40.s
AS      asm/data/data_57B2A0.s
AS      asm/data/data_57E690.s
AS      asm/data/data_582B20.s
AS      asm/data/data_583970.s
AS      asm/data/data_5841D0.s
AS      asm/data/data_588620.s
AS      asm/data/data_58DAE0.s
AS      asm/data/data_58ED30.s
AS      asm/data/data_58F590.s
AS      asm/data/data_594A70.s
AS      asm/data/data_59A3B0.s
AS      asm/data/data_59BAF0.s
AS      asm/data/data_59BE70.s
AS      asm/data/data_59D2D0.s
AS      asm/data/data_5A62B0.s
AS      asm/data/data_59E020.s
AS      asm/data/data_5A6FA0.s
AS      asm/data/data_5AA28A.s
AS      asm/data/data_5AA290.s
AS      asm/data/data_5AA2B0.s
AS      asm/data/data_5AAB70.s
AS      asm/data/data_5ABAA3.s
AS      asm/data/data_5ABAB0.s
AS      asm/data/data_5ABAD0.s
AS      asm/data/data_5AC390.s
AS      asm/data/data_5AC9A0.s
AS      asm/data/data_5AD530.s
AS      asm/data/data_5AE230.s
AS      asm/data/data_5AEAF0.s
AS      asm/data/data_791060.s
AS      asm/data/data_793140.s
AS      asm/data/data_7952D0.s
AS      asm/data/data_796110.s
AS      asm/data/data_796E90.s
AS      asm/data/data_7992B0.s
AS      asm/data/data_7983F0.s
AS      asm/data/data_799570.s
AS      asm/data/data_79A490.s
AS      asm/data/data_79ACF0.s
AS      asm/data/data_79B340.s
AS      asm/data/data_79BB10.s
AS      asm/data/data_79BF50.s
AS      asm/data/data_79C3B0.s
AS      asm/data/data_79C870.s
AS      asm/data/data_79D720.s
AS      asm/data/data_79E2E0.s
AS      asm/data/data_79EB60.s
AS      asm/data/data_79EFA0.s
AS      asm/data/data_79FA20.s
AS      asm/data/data_7A01E0.s
AS      asm/data/data_7A0780.s
AS      asm/data/data_7A0DB0.s
AS      asm/data/data_7A1170.s
AS      asm/data/data_7A1BF0.s
AS      asm/data/data_7A2280.s
AS      asm/data/data_7A32E0.s
AS      asm/data/data_7A3AE0.s
AS      asm/data/data_7A43F0.s
AS      asm/data/data_7A4880.s
AS      asm/data/data_7A5270.s
AS      asm/data/data_7A6020.s
AS      asm/data/data_7A6550.s
AS      asm/data/data_7A6870.s
AS      asm/data/data_7A6AE0.s
AS      asm/data/data_7A6D10.s
AS      asm/data/data_7A7520.s
AS      asm/data/data_7A77B0.s
AS      asm/data/data_7A8C20.s
AS      asm/data/data_7A9B40.s
AS      asm/data/data_7AA9B0.s
AS      asm/data/data_7AC390.s
AS      asm/data/data_7AC750.s
AS      asm/data/data_7ADD20.s
AS      asm/data/data_7AE570.s
AS      asm/data/data_7AF030.s
AS      asm/data/data_7AFA20.s
AS      asm/data/data_7B05E0.s
AS      asm/data/data_7B0990.s
AS      asm/data/data_7B1000.s
AS      asm/data/data_7B16B0.s
AS      asm/data/data_7B19E0.s
AS      asm/data/data_7B1E60.s
AS      asm/data/data_7B20C0.s
AS      asm/data/data_7B2370.s
AS      asm/data/data_7B2970.s
AS      asm/data/data_7B2E20.s
AS      asm/data/data_7B36D0.s
AS      asm/data/data_7B43A0.s
AS      asm/data/data_7B4A40.s
AS      asm/data/data_7B52B0.s
AS      asm/data/data_7B5D50.s
AS      asm/data/data_7B7680.s
AS      asm/data/data_7B8820.s
AS      asm/data/data_7B96A0.s
AS      asm/data/data_7B9C80.s
AS      asm/data/data_7BA990.s
AS      asm/data/data_7CA370.s
AS      asm/data/data_7CA760.s
AS      asm/data/data_7CCDBA.s
AS      asm/data/data_7CCDC0.s
AS      asm/data/data_7CCE20.s
AS      asm/data/data_7CDE20.s
AS      asm/data/data_7CEE20.s
AS      asm/data/data_7CFE20.s
AS      asm/data/data_7D0E20.s
AS      asm/data/data_7D1E20.s
AS      asm/data/data_7D2E20.s
AS      asm/data/data_7D3E20.s
AS      asm/data/data_7D4E20.s
AS      asm/data/data_7D611A.s
AS      asm/data/data_7D6120.s
AS      asm/data/data_7D6180.s
AS      asm/data/data_7D6980.s
AS      asm/data/data_7D7180.s
AS      asm/data/data_7D7980.s
AS      asm/data/data_7D8180.s
AS      asm/data/data_7D8980.s
AS      asm/data/data_7D9180.s
AS      asm/data/data_7D9980.s
AS      asm/data/data_7DA180.s
AS      asm/data/data_7DA980.s
AS      asm/data/data_7DC77B.s
AS      asm/data/data_7DC780.s
AS      asm/data/data_7DC7E0.s
AS      asm/data/data_7DCFE0.s
AS      asm/data/data_7DD7E0.s
AS      asm/data/data_7DDFE0.s
AS      asm/data/data_7DE7E0.s
AS      asm/data/data_7DEFE0.s
AS      asm/data/data_7DF7E0.s
AS      asm/data/data_7DFFE0.s
AS      asm/data/data_7E07E0.s
AS      asm/data/data_7E2814.s
AS      asm/data/data_7E2820.s
AS      asm/data/data_7E2880.s
AS      asm/data/data_7E3080.s
AS      asm/data/data_7E3880.s
AS      asm/data/data_7E4080.s
AS      asm/data/data_7E4880.s
AS      asm/data/data_7E5080.s
AS      asm/data/data_7E5880.s
AS      asm/data/data_7E6080.s
AS      asm/data/data_7E6880.s
AS      asm/data/data_7E76B2.s
AS      asm/data/data_7E76C0.s
AS      asm/data/data_7E7720.s
AS      asm/data/data_7E7F20.s
AS      asm/data/data_7E8720.s
AS      asm/data/data_7E8F20.s
AS      asm/data/data_7E9720.s
AS      asm/data/data_7EAEB8.s
AS      asm/data/data_7EAEC0.s
AS      asm/data/data_7EAF20.s
AS      asm/data/data_7EB720.s
AS      asm/data/data_7EBF20.s
AS      asm/data/data_7EC720.s
AS      asm/data/data_7ECF20.s
AS      asm/data/data_7ED720.s
AS      asm/data/data_7EDF20.s
AS      asm/data/data_7EE720.s
AS      asm/data/data_7EEF20.s
AS      asm/data/data_7EF720.s
AS      asm/data/data_7EFF20.s
AS      asm/data/data_7F0F20.s
AS      asm/data/data_7F0720.s
AS      asm/data/data_7F1720.s
AS      asm/data/data_7F1F20.s
AS      asm/data/data_7F3B27.s
AS      asm/data/data_7F3B30.s
AS      asm/data/data_7F3B50.s
AS      asm/data/data_7F4410.s
AS      asm/data/data_7F4500.s
AS      asm/data/data_7F4A20.s
AS      asm/data/data_7F4E00.s
AS      asm/data/data_7F5F20.s
AS      asm/data/data_7F60D0.s
AS      asm/data/data_7F6E20.s
AS      asm/data/data_7F79A0.s
AS      asm/data/data_7F8230.s
AS      asm/data/data_7F85E0.s
AS      asm/data/data_7F9730.s
AS      asm/data/data_7F9E60.s
AS      asm/data/data_7FA990.s
AS      asm/data/data_7FB040.s
AS      asm/data/data_7FB650.s
AS      asm/data/data_7FC900.s
AS      asm/data/data_7FDB00.s
AS      asm/data/data_7FE4B0.s
AS      asm/data/data_7FF440.s
AS      asm/data/data_7FF470.s
AS      asm/data/data_800690.s
AS      asm/data/data_800870.s
AS      asm/data/data_8011A0.s
AS      asm/data/data_802080.s
AS      asm/data/data_802AF0.s
AS      asm/data/data_803E00.s
AS      asm/data/data_804A40.s
AS      asm/data/data_8051C0.s
AS      asm/data/data_8051F0.s
AS      asm/data/data_805970.s
AS      asm/data/data_8060F0.s
AS      asm/data/data_8069A0.s
AS      asm/data/data_807130.s
AS      asm/data/data_807780.s
AS      asm/data/data_8088C0.s
AS      asm/data/data_809980.s
AS      asm/data/data_8095E0.s
AS      asm/data/data_80A2F0.s
AS      asm/data/data_80B2D0.s
AS      asm/data/data_80D170.s
AS      asm/data/data_80D650.s
AS      asm/data/data_80D8F0.s
AS      asm/data/data_80DBB0.s
AS      asm/data/data_80E1D0.s
AS      asm/data/data_80E430.s
AS      asm/data/data_80E740.s
AS      asm/data/data_80E970.s
AS      asm/data/data_80F210.s
AS      asm/data/data_80F2A0.s
AS      asm/data/data_80F4F0.s
AS      asm/data/data_80FAB0.s
AS      asm/data/data_810F40.s
AS      asm/data/data_811890.s
AS      asm/data/data_813A70.s
AS      asm/data/data_812890.s
AS      asm/data/data_813E60.s
AS      asm/data/data_814430.s
AS      asm/data/data_814720.s
AS      asm/data/data_8147C0.s
AS      asm/data/data_814B30.s
AS      asm/data/data_8161EF.s
AS      asm/data/data_8161F0.s
AS      asm/data/data_816210.s
AS      asm/data/data_816AD0.s
AS      asm/data/data_817B90.s
AS      asm/data/data_817BB0.s
AS      asm/data/data_818470.s
AS      asm/data/data_819C20.s
AS      asm/data/data_819C80.s
AS      asm/data/data_81A480.s
AS      asm/data/data_81AC80.s
AS      asm/data/data_81B480.s
AS      asm/data/data_81BC80.s
AS      asm/data/data_81C2D0.s
AS      asm/data/data_81C5D0.s
AS      asm/data/data_81D0F0.s
AS      asm/data/data_81DB60.s
AS      asm/data/data_81DFF0.s
AS      asm/data/data_81EE80.s
AS      asm/data/data_81F020.s
AS      asm/data/data_81F7C0.s
AS      asm/data/data_824A20.s
AS      asm/data/data_824A1E.s
AS      asm/data/data_824B20.s
AS      asm/data/data_85ABE0.s
AS      asm/data/data_85AF20.s
AS      asm/data/data_860BE0.s
AS      asm/data/data_860D20.s
AS      asm/data/data_8667E0.s
AS      asm/data/data_866A30.s
AS      asm/data/data_86C1B1.s
AS      asm/data/data_86C1C0.s
AS      asm/data/data_86C300.s
AS      asm/data/data_86F3C0.s
AS      asm/data/data_86F4C0.s
AS      asm/data/data_875AC9.s
AS      asm/data/data_875AD0.s
AS      asm/data/data_875C10.s
AS      asm/data/data_8804D0.s
AS      asm/data/data_8807C0.s
AS      asm/data/data_886880.s
AS      asm/data/data_886A30.s
AS      asm/data/data_88CAF0.s
AS      asm/data/data_88CD20.s
AS      asm/data/data_892240.s
AS      asm/data/data_898A00.s
AS      asm/data/data_8989FC.s
AS      asm/data/data_898B20.s
AS      asm/data/data_89EBE0.s
AS      asm/data/data_89EDE0.s
AS      asm/data/data_8A4ACD.s
AS      asm/data/data_8A4AD0.s
AS      asm/data/data_8A4C10.s
AS      asm/data/data_8AACD0.s
AS      asm/data/data_8AAE30.s
AS      asm/data/data_8CD330.s
AS      asm/data/data_8CD520.s
AS      asm/data/data_8D54A0.s
AS      asm/data/data_8D56F0.s
AS      asm/data/data_8DBD44.s
AS      asm/data/data_8DBD50.s
AS      asm/data/data_8DBE90.s
AS      asm/data/data_8E1F50.s
AS      asm/data/data_8E2070.s
AS      asm/data/data_8E6275.s
AS      asm/data/data_8E6280.s
AS      asm/data/data_8E63C0.s
AS      asm/data/data_8EC480.s
AS      asm/data/data_8F24DD.s
AS      asm/data/data_8F24E0.s
AS      asm/data/data_8F2620.s
AS      asm/data/data_93A6E0.s
AS      asm/data/data_93ABF0.s
AS      asm/data/data_93F7F9.s
AS      asm/data/data_93F800.s
AS      asm/data/data_93F920.s
AS      asm/data/data_94B9E0.s
AS      asm/data/data_94BD50.s
AS      asm/data/data_951D8A.s
AS      asm/data/data_951D90.s
AS      asm/data/data_951E70.s
AS      asm/data/data_95BB30.s
AS      asm/data/data_95BE20.s
AS      asm/data/data_961BA3.s
AS      asm/data/data_961BB0.s
AS      asm/data/data_961CD0.s
AS      asm/data/data_963B90.s
AS      asm/data/data_963D60.s
AS      asm/data/data_969D9A.s
AS      asm/data/data_969DA0.s
AS      asm/data/data_969E80.s
AS      asm/data/data_96CF40.s
AS      asm/data/data_96D060.s
AS      asm/data/data_980D20.s
AS      asm/data/data_980DC0.s
AS      asm/data/data_9859FF.s
AS      asm/data/data_985A00.s
AS      asm/data/data_985AC0.s
AS      asm/data/data_988880.s
AS      asm/data/data_988960.s
AS      asm/data/data_98E8F2.s
AS      asm/data/data_98E900.s
AS      asm/data/data_98EA20.s
AS      asm/data/data_9926A0.s
AS      asm/data/data_992740.s
AS      asm/data/data_997B0A.s
AS      asm/data/data_997B10.s
AS      asm/data/data_997B90.s
AS      asm/data/data_A11130.s
AS      asm/data/data_A11790.s
AS      asm/data/data_A16AC5.s
AS      asm/data/data_A16AD0.s
AS      asm/data/data_A16BD0.s
AS      asm/data/data_A1CC90.s
AS      asm/data/data_A1CE60.s
AS      asm/data/data_A22A31.s
AS      asm/data/data_A22A40.s
AS      asm/data/data_A22B80.s
AS      asm/data/data_A329C0.s
AS      asm/data/data_A32DD0.s
AS      asm/data/data_A376D2.s
AS      asm/data/data_A376E0.s
AS      asm/data/data_A377E0.s
AS      asm/data/data_A3A2A0.s
AS      asm/data/data_A3A480.s
AS      asm/data/data_A4031F.s
AS      asm/data/data_A40320.s
AS      asm/data/data_A40460.s
AS      asm/data/data_A47120.s
AS      asm/data/data_A473C0.s
AS      asm/data/data_A4CCAC.s
AS      asm/data/data_A4CCB0.s
AS      asm/data/data_A4CDD0.s
AS      asm/data/data_A52E90.s
AS      asm/data/data_A531A0.s
AS      asm/data/data_A53290.s
AS      asm/data/data_A58D45.s
AS      asm/data/data_A58D50.s
AS      asm/data/data_A58E10.s
AS      asm/data/data_A5D6D0.s
AS      asm/data/data_A5D7C0.s
AS      asm/data/data_A63230.s
AS      asm/data/data_A63370.s
AS      asm/data/data_A6F430.s
AS      asm/data/data_A6F830.s
AS      asm/data/data_A74372.s
AS      asm/data/data_A74380.s
AS      asm/data/data_A74460.s
AS      asm/data/data_A97320.s
AS      asm/data/data_A97750.s
AS      asm/data/data_AC3010.s
AS      asm/data/data_AC888F.s
AS      asm/data/data_AC3390.s
AS      asm/data/data_AC8890.s
AS      asm/data/data_AC89D0.s
AS      asm/data/data_AEA690.s
AS      asm/data/data_AEA9D0.s
AS      asm/data/data_AF05B8.s
AS      asm/data/data_AF05C0.s
AS      asm/data/data_AF0700.s
AS      asm/data/data_AF37C0.s
AS      asm/data/data_AF3A60.s
AS      asm/data/data_AF9C6C.s
AS      asm/data/data_AF9C70.s
AS      asm/data/data_AF9DB0.s
AS      asm/data/data_B1EA70.s
AS      asm/data/data_B1EC50.s
AS      asm/data/data_B4ED10.s
AS      asm/data/data_B4F220.s
AS      asm/data/data_BC72E0.s
AS      asm/data/data_BC7780.s
AS      asm/data/data_BCD519.s
AS      asm/data/data_BCD520.s
AS      asm/data/data_BCD660.s
AS      asm/data/data_BD9120.s
AS      asm/data/data_BD9410.s
AS      asm/data/data_BDE717.s
AS      asm/data/data_BDE720.s
AS      asm/data/data_BDE7E0.s
AS      asm/data/data_C06B90.s
AS      asm/data/data_C06ED0.s
AS      asm/data/data_C0CDAF.s
AS      asm/data/data_C0CDB0.s
AS      asm/data/data_C0CEF0.s
AS      asm/data/data_C183B0.s
AS      asm/data/data_C185B0.s
AS      asm/data/data_C5AC70.s
AS      asm/data/data_C5B020.s
AS      asm/data/data_CB8D10.s
AS      asm/data/data_CB9310.s
AS      asm/data/data_CC8B50.s
AS      asm/data/data_CC8CC0.s
AS      asm/data/data_CCB832.s
AS      asm/data/data_CCB840.s
AS      asm/data/data_CCB8A0.s
AS      asm/data/data_CCD160.s
AS      asm/data/data_D04D20.s
AS      asm/data/data_D05060.s
AS      asm/data/data_D11120.s
AS      asm/data/data_D112B0.s
AS      asm/data/data_D49A70.s
AS      asm/data/data_D49D50.s
AS      asm/data/data_D49D66.s
AS      asm/data/data_D49D70.s
AS      asm/data/data_D49D90.s
AS      asm/data/data_D4B650.s
AS      asm/data/data_D4D74C.s
AS      asm/data/data_D4D770.s
AS      asm/data/data_D4D750.s
AS      asm/data/data_D4E030.s
AS      asm/data/data_D4E455.s
AS      asm/data/data_D4E460.s
AS      asm/data/data_D4E480.s
AS      asm/data/data_D4F540.s
AS      asm/data/data_D510B5.s
AS      asm/data/data_D510C0.s
AS      asm/data/data_D51120.s
AS      asm/data/data_D51220.s
AS      asm/data/data_D51280.s
AS      asm/data/data_D52B7B.s
AS      asm/data/data_D52B80.s
AS      asm/data/data_D52BE0.s
AS      asm/data/data_D52CE0.s
AS      asm/data/data_D52DE0.s
AS      asm/data/data_D52EE0.s
AS      asm/data/data_D55DA7.s
AS      asm/data/data_D55DB0.s
AS      asm/data/data_D55E10.s
AS      asm/data/data_D56610.s
AS      asm/data/data_D56E10.s
AS      asm/data/data_D57610.s
AS      asm/data/data_D57E10.s
AS      asm/data/data_D58610.s
AS      asm/data/data_D58E10.s
AS      asm/data/data_D5AB90.s
AS      asm/data/data_D5ABF0.s
AS      asm/data/data_D5CBF0.s
AS      asm/data/data_D5E49B.s
AS      asm/data/data_D5E4A0.s
AS      asm/data/data_D5E500.s
AS      asm/data/data_D5E600.s
AS      asm/data/data_D5E700.s
AS      asm/data/data_D5E800.s
AS      asm/data/data_D600C0.s
AS      asm/data/data_D61980.s
AS      asm/data/data_D63240.s
AS      asm/data/data_D64B00.s
AS      asm/data/data_D663C0.s
AS      asm/data/data_D67C80.s
AS      asm/data/data_D69540.s
AS      asm/data/data_D6AE00.s
AS      asm/data/data_D6C6C0.s
AS      asm/data/data_D6C9C0.s
AS      asm/data/data_D6CCE0.s
AS      asm/data/data_D6D0C0.s
AS      asm/data/data_D6D350.s
AS      asm/data/data_D6D6E0.s
AS      asm/data/data_D6EAB0.s
AS      asm/data/data_D72769.s
AS      asm/data/data_D72770.s
AS      asm/data/data_D727D0.s
AS      asm/data/data_D736A0.s
AS      asm/data/data_D76E63.s
AS      asm/data/data_D76E70.s
AS      asm/data/data_D76ED0.s
AS      asm/data/data_D77DA0.s
AS      asm/data/data_D7BD73.s
AS      asm/data/data_D7BD80.s
AS      asm/data/data_D7BDE0.s
AS      asm/data/data_D7CCB0.s
AS      asm/data/data_D80082.s
AS      asm/data/data_D80090.s
AS      asm/data/data_D80150.s
AS      asm/data/data_D81890.s
AS      asm/data/data_D83CA2.s
AS      asm/data/data_D83CB0.s
AS      asm/data/data_D83DF0.s
AS      asm/data/data_D856B0.s
AS      asm/data/data_D87F5C.s
AS      asm/data/data_D87F60.s
AS      asm/data/data_D880A0.s
AS      asm/data/data_D89960.s
AS      asm/data/data_D8D07A.s
AS      asm/data/data_D8D080.s
AS      asm/data/data_D8D1C0.s
AS      asm/data/data_D8EA80.s
AS      asm/data/data_D8FF99.s
AS      asm/data/data_D8FFA0.s
AS      asm/data/data_D900E0.s
AS      asm/data/data_D919A0.s
AS      asm/data/data_D91C80.s
AS      asm/data/data_D9529D.s
AS      asm/data/data_D952A0.s
AS      asm/data/data_D952C0.s
AS      asm/data/data_D95B80.s
AS      asm/data/data_D979B0.s
AS      asm/data/data_D979D0.s
AS      asm/data/data_D98290.s
AS      asm/data/data_D986CA.s
AS      asm/data/data_D986D0.s
AS      asm/data/data_D986F0.s
AS      asm/data/data_D98FB0.s
AS      asm/data/data_D9A5C4.s
AS      asm/data/data_D9A5D0.s
AS      asm/data/data_D9A5F0.s
AS      asm/data/data_D9AEB0.s
AS      asm/data/data_D9C217.s
AS      asm/data/data_D9C220.s
AS      asm/data/data_D9C240.s
AS      asm/data/data_D9CB00.s
AS      asm/data/data_D9F944.s
AS      asm/data/data_D9F950.s
AS      asm/data/data_D9F9B0.s
AS      asm/data/data_DA01B0.s
AS      asm/data/data_DA09B0.s
AS      asm/data/data_DA0D30.s
AS      asm/data/data_DA10C0.s
AS      asm/data/data_DA13F0.s
AS      asm/data/data_DA1730.s
AS      asm/data/data_DA1CB0.s
AS      asm/data/data_DA1FF0.s
AS      asm/data/data_DA2370.s
AS      asm/data/data_DA3577.s
AS      asm/data/data_DA3580.s
AS      asm/data/data_DA35E0.s
AS      asm/data/data_DA36E0.s
AS      asm/data/data_DA37E0.s
AS      asm/data/data_DA38E0.s
AS      asm/data/data_DA39E0.s
AS      asm/data/data_DA4BE7.s
AS      asm/data/data_DA4BF0.s
AS      asm/data/data_DA4C50.s
AS      asm/data/data_DA5050.s
AS      asm/data/data_DA5450.s
AS      asm/data/data_DA5850.s
AS      asm/data/data_DA5C50.s
AS      asm/data/data_DA80B0.s
AS      asm/data/data_DA80AC.s
AS      asm/data/data_DA80D0.s
AS      asm/data/data_DA8990.s
AS      asm/data/data_DA9BC4.s
AS      asm/data/data_DA9BD0.s
AS      asm/data/data_DA9BF0.s
AS      asm/data/data_DAA4B0.s
AS      asm/data/data_DAB3D4.s
AS      asm/data/data_DAB3E0.s
AS      asm/data/data_DAB440.s
AS      asm/data/data_DABC40.s
AS      asm/data/data_DAE9E3.s
AS      asm/data/data_DAE9F0.s
AS      asm/data/data_DAEA50.s
AS      asm/data/data_DB0A50.s
AS      asm/data/data_DB2A50.s
AS      asm/data/data_DB2E10.s
AS      asm/data/data_DB33A0.s
AS      asm/data/data_DB5778.s
AS      asm/data/data_DB5780.s
AS      asm/data/data_DB57A0.s
AS      asm/data/data_DB6060.s
AS      asm/data/data_DB89D0.s
AS      asm/data/data_DB89C9.s
AS      asm/data/data_DB89F0.s
AS      asm/data/data_DB92B0.s
AS      asm/data/data_DB9D37.s
AS      asm/data/data_DB9D40.s
AS      asm/data/data_DB9D60.s
AS      asm/data/data_DBA620.s
AS      asm/data/data_DBC95D.s
AS      asm/data/data_DBC960.s
AS      asm/data/data_DBC980.s
AS      asm/data/data_DBD240.s
AS      asm/data/data_DBFA01.s
AS      asm/data/data_DBFA10.s
AS      asm/data/data_DBFA30.s
AS      asm/data/data_DC02F0.s
AS      asm/data/data_DC0800.s
AS      asm/data/data_DC0E10.s
AS      asm/data/data_DC0ED0.s
AS      asm/data/data_DC1400.s
AS      asm/data/data_DC14C0.s
AS      asm/data/data_DC15B0.s
AS      asm/data/data_DC1750.s
AS      asm/data/data_DC1AB0.s
AS      asm/data/data_DC1B70.s
AS      asm/data/data_DC1C50.s
AS      asm/data/data_DC1D60.s
AS      asm/data/data_DC2040.s
AS      asm/data/data_DC2100.s
AS      asm/data/data_DC22F0.s
AS      asm/data/data_DC28B0.s
AS      asm/data/data_DC2C80.s
AS      asm/data/data_DC2D70.s
AS      asm/data/data_DC2E50.s
AS      asm/data/data_DC3060.s
AS      asm/data/data_DC3180.s
AS      asm/data/data_DC3320.s
AS      asm/data/data_DC34A0.s
AS      asm/data/data_DC35E0.s
AS      asm/data/data_DC45B0.s
AS      asm/data/data_DC46B0.s
AS      asm/data/data_DC4870.s
AS      asm/data/data_DC4E80.s
AS      asm/data/data_DC6130.s
AS      asm/data/data_DC62A0.s
AS      asm/data/data_DC6C70.s
AS      asm/data/data_DC6E00.s
AS      asm/data/data_DC7A00.s
AS      asm/data/data_DC7CA0.s
AS      asm/data/data_DC7D60.s
AS      asm/data/data_DC8080.s
AS      asm/data/data_DC8210.s
AS      asm/data/data_DCAFB3.s
AS      asm/data/data_DCAFC0.s
AS      asm/data/data_DCB020.s
AS      asm/data/data_DCD020.s
AS      asm/data/data_DCF020.s
AS      asm/data/data_DD0394.s
AS      asm/data/data_DD03A0.s
AS      asm/data/data_DD03C0.s
AS      asm/data/data_DD0C80.s
AS      asm/data/data_DD1D10.s
AS      asm/data/data_DD1D30.s
AS      asm/data/data_DD25F0.s
AS      asm/data/data_DD3624.s
AS      asm/data/data_DD3630.s
AS      asm/data/data_DD3650.s
AS      asm/data/data_DD3F10.s
AS      asm/data/data_DD60F6.s
AS      asm/data/data_DD6100.s
AS      asm/data/data_DD6120.s
AS      asm/data/data_DD69E0.s
AS      asm/data/data_F12390.s
AS      asm/data/data_F12490.s
AS      asm/data/data_F12590.s
AS      asm/data/data_F12C30.s
AS      asm/data/data_F13460.s
AS      asm/data/data_F13560.s
AS      asm/data/data_F135F0.s
AS      asm/data/data_F13DD0.s
AS      asm/data/data_F195C0.s
AS      asm/data/data_F19970.s
AS      asm/data/data_F19AA0.s
AS      asm/data/data_F1A2FB.s
AS      asm/data/data_F1A300.s
AS      asm/data/data_F1A320.s
AS      asm/data/data_F1ABE0.s
AS      asm/data/data_F1B027.s
AS      asm/data/data_F1B030.s
AS      asm/data/data_F1B050.s
AS      asm/data/data_F1B910.s
AS      asm/data/data_F1E649.s
AS      asm/data/data_F1E650.s
AS      asm/data/data_F1E690.s
AS      asm/data/data_F1EF50.s
AS      asm/data/data_F21395.s
AS      asm/data/data_F213A0.s
AS      asm/data/data_F21420.s
AS      asm/data/data_F21CE0.s
AS      asm/data/data_F23E20.s
AS      asm/data/data_F25C70.s
AS      asm/data/data_F25C90.s
AS      asm/data/data_F26550.s
AS      asm/data/data_F27607.s
AS      asm/data/data_F27610.s
AS      asm/data/data_F27630.s
AS      asm/data/data_F27EF0.s
AS      asm/data/data_F68410.s
AS      asm/data/data_F28410.s
AS      asm/data/data_FA8410.s
AS      asm/data/data_FE2C20.s
AS      asm/data/data_FE3420.s
AS      asm/data/data_FFFF00.s
LD      build/mar.elf
OBJCOPY mar.gba
